// Jest Snapshot v1, https://goo.gl/fbAQLP

exports[`Skills section renders skills correctly 1`] = `
<div
  id="skills"
>
  <div>
    <div>
      Some content
    </div>
  </div>
  <div
    class="skills-container"
  >
    <div
      class="skill-category"
    >
      <div
        class="skill-category-title"
      >
        Languages
      </div>
      <div
        class="category-skills-container"
      >
        <div
          class="skill-item"
        >
          <div
            class="skill-description-container"
          >
            <span
              class="skill-title"
            >
              JavaScript/TypeScript
            </span>
            <span
              class="skill-badge-container"
            >
              <div
                class="tooltip-container dev-icon-container"
              >
                <div
                  role="presentation"
                >
                  <img
                    alt=""
                    class="dev-icon"
                    height="15px"
                    src="test-file-stub"
                  />
                </div>
                <div
                  class="tooltip-label"
                >
                  <div
                    class="tooltip-point"
                  />
                  JavaScript
                </div>
              </div>
              <div
                class="tooltip-container dev-icon-container"
              >
                <div
                  role="presentation"
                >
                  <img
                    alt=""
                    class="dev-icon"
                    height="15px"
                    src="test-file-stub"
                  />
                </div>
                <div
                  class="tooltip-label"
                >
                  <div
                    class="tooltip-point"
                  />
                  TypeScript
                </div>
              </div>
              <div
                class="tooltip-container dev-icon-container"
              >
                <div
                  role="presentation"
                >
                  <img
                    alt=""
                    class="dev-icon"
                    height="15px"
                    src="test-file-stub"
                  />
                </div>
                <div
                  class="tooltip-label"
                >
                  <div
                    class="tooltip-point"
                  />
                  node.js
                </div>
              </div>
            </span>
          </div>
        </div>
        <div
          class="skill-item"
        >
          <div
            class="skill-description-container"
          >
            <span
              class="skill-title"
            >
              Python
            </span>
            <span
              class="skill-badge-container"
            >
              <div
                class="tooltip-container dev-icon-container"
              >
                <div
                  role="presentation"
                >
                  <img
                    alt=""
                    class="dev-icon"
                    height="15px"
                    src="test-file-stub"
                  />
                </div>
                <div
                  class="tooltip-label"
                >
                  <div
                    class="tooltip-point"
                  />
                  Python
                </div>
              </div>
            </span>
          </div>
        </div>
        <div
          class="skill-item"
        >
          <div
            class="skill-description-container"
          >
            <span
              class="skill-title"
            >
              Go
            </span>
            <span
              class="skill-badge-container"
            >
              <div
                class="tooltip-container dev-icon-container"
              >
                <div
                  role="presentation"
                >
                  <img
                    alt=""
                    class="dev-icon"
                    height="15px"
                    src="test-file-stub"
                  />
                </div>
                <div
                  class="tooltip-label"
                >
                  <div
                    class="tooltip-point"
                  />
                  Go
                </div>
              </div>
            </span>
          </div>
        </div>
        <div
          class="skill-item"
        >
          <div
            class="skill-description-container"
          >
            <span
              class="skill-title"
            >
              C++
            </span>
            <span
              class="skill-badge-container"
            >
              <div
                class="tooltip-container dev-icon-container"
              >
                <div
                  role="presentation"
                >
                  <img
                    alt=""
                    class="dev-icon"
                    height="15px"
                    src="test-file-stub"
                  />
                </div>
                <div
                  class="tooltip-label"
                >
                  <div
                    class="tooltip-point"
                  />
                  C++
                </div>
              </div>
            </span>
          </div>
        </div>
        <div
          class="skill-item"
        >
          <div
            class="skill-description-container"
          >
            <a
              class="skill-title"
              href="https://fortran-lang.org/"
            >
              Fortran95
            </a>
            <span
              class="skill-badge-container"
            >
              <div
                class="tooltip-container dev-icon-container"
              >
                <div
                  role="presentation"
                >
                  <img
                    alt=""
                    class="dev-icon"
                    height="15px"
                    src="test-file-stub"
                  />
                </div>
                <div
                  class="tooltip-label"
                >
                  <div
                    class="tooltip-point"
                  />
                  Fortran95
                </div>
              </div>
            </span>
          </div>
        </div>
      </div>
    </div>
    <div
      class="skill-category"
    >
      <div
        class="skill-category-title"
      >
        DevOps
      </div>
      <div
        class="category-skills-container"
      >
        <div
          class="skill-item"
        >
          <div
            class="skill-description-container"
          >
            <span
              class="skill-title"
            >
              Google Cloud
            </span>
            <span
              class="skill-badge-container"
            >
              <div
                class="tooltip-container dev-icon-container"
              >
                <div
                  role="presentation"
                >
                  <img
                    alt=""
                    class="dev-icon"
                    height="15px"
                    src="test-file-stub"
                  />
                </div>
                <div
                  class="tooltip-label"
                >
                  <div
                    class="tooltip-point"
                  />
                  Google Cloud
                </div>
              </div>
            </span>
          </div>
        </div>
        <div
          class="skill-item"
        >
          <div
            class="skill-description-container"
          >
            <span
              class="skill-title"
            >
              AWS
            </span>
            <span
              class="skill-badge-container"
            >
              <div
                class="tooltip-container dev-icon-container"
              >
                <div
                  role="presentation"
                >
                  <img
                    alt=""
                    class="dev-icon"
                    height="15px"
                    src="test-file-stub"
                  />
                </div>
                <div
                  class="tooltip-label"
                >
                  <div
                    class="tooltip-point"
                  />
                  AWS
                </div>
              </div>
            </span>
          </div>
        </div>
        <div
          class="skill-item"
        >
          <div
            class="skill-description-container"
          >
            <a
              class="skill-title"
              href="https://www.terraform.io/"
            >
              Terraform
            </a>
            <span
              class="skill-badge-container"
            >
              <div
                class="tooltip-container dev-icon-container"
              >
                <div
                  role="presentation"
                >
                  <img
                    alt=""
                    class="dev-icon"
                    height="15px"
                    src="test-file-stub"
                  />
                </div>
                <div
                  class="tooltip-label"
                >
                  <div
                    class="tooltip-point"
                  />
                  Terraform
                </div>
              </div>
            </span>
          </div>
        </div>
        <div
          class="skill-item"
        >
          <div
            class="skill-description-container"
          >
            <a
              class="skill-title"
              href="https://www.docker.com/"
            >
              Docker
            </a>
            <span
              class="skill-badge-container"
            >
              <div
                class="tooltip-container dev-icon-container"
              >
                <div
                  role="presentation"
                >
                  <img
                    alt=""
                    class="dev-icon"
                    height="15px"
                    src="test-file-stub"
                  />
                </div>
                <div
                  class="tooltip-label"
                >
                  <div
                    class="tooltip-point"
                  />
                  Docker
                </div>
              </div>
            </span>
          </div>
        </div>
        <div
          class="skill-item"
        >
          <div
            class="skill-description-container"
          >
            <a
              class="skill-title"
              href="https://kubernetes.io/"
            >
              Kubernetes
            </a>
            <span
              class="skill-badge-container"
            >
              <div
                class="tooltip-container dev-icon-container"
              >
                <div
                  role="presentation"
                >
                  <img
                    alt=""
                    class="dev-icon"
                    height="15px"
                    src="test-file-stub"
                  />
                </div>
                <div
                  class="tooltip-label"
                >
                  <div
                    class="tooltip-point"
                  />
                  Kubernetes
                </div>
              </div>
            </span>
          </div>
        </div>
        <div
          class="skill-item"
        >
          <div
            class="skill-description-container"
          >
            <a
              class="skill-title"
              href="https://rancher.com/"
            >
              Rancher
            </a>
            <span
              class="skill-badge-container"
            >
              <div
                class="tooltip-container dev-icon-container"
              >
                <div
                  role="presentation"
                >
                  <img
                    alt=""
                    class="dev-icon"
                    height="15px"
                    src="test-file-stub"
                  />
                </div>
                <div
                  class="tooltip-label"
                >
                  <div
                    class="tooltip-point"
                  />
                  Rancher
                </div>
              </div>
            </span>
          </div>
        </div>
      </div>
    </div>
    <div
      class="skill-category"
    >
      <div
        class="skill-category-title"
      >
        Frontend
      </div>
      <div
        class="category-skills-container"
      >
        <div
          class="skill-item"
        >
          <div
            class="skill-description-container"
          >
            <a
              class="skill-title"
              href="https://reactnative.dev/"
            >
              React Native
            </a>
            <span
              class="skill-badge-container"
            >
              <div
                class="tooltip-container dev-icon-container"
              >
                <div
                  role="presentation"
                >
                  <img
                    alt=""
                    class="dev-icon"
                    height="15px"
                    src="test-file-stub"
                  />
                </div>
                <div
                  class="tooltip-label"
                >
                  <div
                    class="tooltip-point"
                  />
                  React/React Native
                </div>
              </div>
            </span>
          </div>
        </div>
        <div
          class="skill-item"
        >
          <div
            class="skill-description-container"
          >
            <span
              class="skill-title"
            >
              HTML + CSS
            </span>
            <span
              class="skill-badge-container"
            >
              <div
                class="tooltip-container dev-icon-container"
              >
                <div
                  role="presentation"
                >
                  <img
                    alt=""
                    class="dev-icon"
                    height="15px"
                    src="test-file-stub"
                  />
                </div>
                <div
                  class="tooltip-label"
                >
                  <div
                    class="tooltip-point"
                  />
                  HTML
                </div>
              </div>
              <div
                class="tooltip-container dev-icon-container"
              >
                <div
                  role="presentation"
                >
                  <img
                    alt=""
                    class="dev-icon"
                    height="15px"
                    src="test-file-stub"
                  />
                </div>
                <div
                  class="tooltip-label"
                >
                  <div
                    class="tooltip-point"
                  />
                  CSS
                </div>
              </div>
            </span>
          </div>
        </div>
      </div>
    </div>
    <div
      class="skill-category"
    >
      <div
        class="skill-category-title"
      >
        Data
      </div>
      <div
        class="category-skills-container"
      >
        <div
          class="skill-item"
        >
          <div
            class="skill-description-container"
          >
            <a
              class="skill-title"
              href="https://www.postgresql.org/"
            >
              PostgreSQL
            </a>
            <span
              class="skill-badge-container"
            >
              <div
                class="tooltip-container dev-icon-container"
              >
                <div
                  role="presentation"
                >
                  <img
                    alt=""
                    class="dev-icon"
                    height="15px"
                    src="test-file-stub"
                  />
                </div>
                <div
                  class="tooltip-label"
                >
                  <div
                    class="tooltip-point"
                  />
                  PostgreSQL
                </div>
              </div>
            </span>
          </div>
        </div>
        <div
          class="skill-item"
        >
          <div
            class="skill-description-container"
          >
            <a
              class="skill-title"
              href="https://pandas.pydata.org/"
            >
              pandas
            </a>
            <span
              class="skill-badge-container"
            >
              <div
                class="tooltip-container dev-icon-container"
              >
                <div
                  role="presentation"
                >
                  <img
                    alt=""
                    class="dev-icon"
                    height="15px"
                    src="test-file-stub"
                  />
                </div>
                <div
                  class="tooltip-label"
                >
                  <div
                    class="tooltip-point"
                  />
                  pandas
                </div>
              </div>
            </span>
          </div>
        </div>
      </div>
    </div>
    <div
      class="skill-category"
    >
      <div
        class="skill-category-title"
      >
        High-Performance Computing
      </div>
      <div
        class="category-skills-container"
      >
        <div
          class="skill-item"
        >
          <div
            class="skill-description-container"
          >
            <a
              class="skill-title"
              href="https://www.open-mpi.org/"
            >
              OpenMPI
            </a>
            <span
              class="skill-badge-container"
            >
              <div
                class="tooltip-container dev-icon-container"
              >
                <div
                  role="presentation"
                >
                  <img
                    alt=""
                    class="dev-icon"
                    height="15px"
                    src="test-file-stub"
                  />
                </div>
                <div
                  class="tooltip-label"
                >
                  <div
                    class="tooltip-point"
                  />
                  OpenMPI
                </div>
              </div>
            </span>
          </div>
        </div>
        <div
          class="skill-item"
        >
          <div
            class="skill-description-container"
          >
            <a
              class="skill-title"
              href="https://lammps.sandia.gov/"
            >
              LAMMPS
            </a>
            <span
              class="skill-badge-container"
            />
          </div>
        </div>
      </div>
    </div>
  </div>
</div>
`;
