// Jest Snapshot v1, https://goo.gl/fbAQLP

exports[`Skills section renders skills correctly 1`] = `
<div
  id="skills"
>
  <div>
    <div>
      Some content
    </div>
  </div>
  <div
    class="skills-container"
  >
    <div
      class="skill-category"
    >
      <div
        class="skill-category-title"
      >
        Languages
      </div>
      <div
        class="category-skills-container"
      >
        <div
          class="skill-item"
        >
          <div
            class="skill-description-container"
          >
            <span
              class="skill-title"
            >
              JavaScript/TypeScript
            </span>
            <span
              class="skill-badge-container"
            >
              <div
                class="tooltip-container dev-icon-container"
              >
                <div>
                  <img
                    alt="Dev icon"
                    class="dev-icon"
                    height="15px"
                    src="test-file-stub"
                  />
                </div>
                <div
                  class="tooltip-label"
                >
                  <div
                    class="tooltip-point"
                  />
                  JavaScript
                </div>
              </div>
              <div
                class="tooltip-container dev-icon-container"
              >
                <div>
                  <img
                    alt="Dev icon"
                    class="dev-icon"
                    height="15px"
                    src="test-file-stub"
                  />
                </div>
                <div
                  class="tooltip-label"
                >
                  <div
                    class="tooltip-point"
                  />
                  TypeScript
                </div>
              </div>
              <div
                class="tooltip-container dev-icon-container"
              >
                <div>
                  <img
                    alt="Dev icon"
                    class="dev-icon"
                    height="15px"
                    src="test-file-stub"
                  />
                </div>
                <div
                  class="tooltip-label"
                >
                  <div
                    class="tooltip-point"
                  />
                  node.js
                </div>
              </div>
            </span>
          </div>
        </div>
        <div
          class="skill-item"
        >
          <div
            class="skill-description-container"
          >
            <span
              class="skill-title"
            >
              Python
            </span>
            <span
              class="skill-badge-container"
            >
              <div
                class="tooltip-container dev-icon-container"
              >
                <div>
                  <img
                    alt="Dev icon"
                    class="dev-icon"
                    height="15px"
                    src="test-file-stub"
                  />
                </div>
                <div
                  class="tooltip-label"
                >
                  <div
                    class="tooltip-point"
                  />
                  Python
                </div>
              </div>
            </span>
          </div>
        </div>
        <div
          class="skill-item"
        >
          <div
            class="skill-description-container"
          >
            <span
              class="skill-title"
            >
              C++
            </span>
            <span
              class="skill-badge-container"
            >
              <div
                class="tooltip-container dev-icon-container"
              >
                <div>
                  <img
                    alt="Dev icon"
                    class="dev-icon"
                    height="15px"
                    src="test-file-stub"
                  />
                </div>
                <div
                  class="tooltip-label"
                >
                  <div
                    class="tooltip-point"
                  />
                  C++
                </div>
              </div>
            </span>
          </div>
        </div>
        <div
          class="skill-item"
        >
          <div
            class="skill-description-container"
          >
            <span
              class="skill-title"
            >
              Fortran95
            </span>
            <span
              class="skill-badge-container"
            >
              <div
                class="tooltip-container dev-icon-container"
              >
                <div>
                  <img
                    alt="Dev icon"
                    class="dev-icon"
                    height="15px"
                    src="test-file-stub"
                  />
                </div>
                <div
                  class="tooltip-label"
                >
                  <div
                    class="tooltip-point"
                  />
                  Fortran95
                </div>
              </div>
            </span>
          </div>
        </div>
      </div>
    </div>
    <div
      class="skill-category"
    >
      <div
        class="skill-category-title"
      >
        Full-Stack
      </div>
      <div
        class="category-skills-container"
      >
        <div
          class="skill-item"
        >
          <div
            class="skill-description-container"
          >
            <span
              class="skill-title"
            >
              React Native
            </span>
            <span
              class="skill-badge-container"
            >
              <div
                class="tooltip-container dev-icon-container"
              >
                <div>
                  <img
                    alt="Dev icon"
                    class="dev-icon"
                    height="15px"
                    src="test-file-stub"
                  />
                </div>
                <div
                  class="tooltip-label"
                >
                  <div
                    class="tooltip-point"
                  />
                  React/React Native
                </div>
              </div>
            </span>
          </div>
        </div>
        <div
          class="skill-item"
        >
          <div
            class="skill-description-container"
          >
            <span
              class="skill-title"
            >
              HTML + CSS
            </span>
            <span
              class="skill-badge-container"
            >
              <div
                class="tooltip-container dev-icon-container"
              >
                <div>
                  <img
                    alt="Dev icon"
                    class="dev-icon"
                    height="15px"
                    src="test-file-stub"
                  />
                </div>
                <div
                  class="tooltip-label"
                >
                  <div
                    class="tooltip-point"
                  />
                  HTML
                </div>
              </div>
              <div
                class="tooltip-container dev-icon-container"
              >
                <div>
                  <img
                    alt="Dev icon"
                    class="dev-icon"
                    height="15px"
                    src="test-file-stub"
                  />
                </div>
                <div
                  class="tooltip-label"
                >
                  <div
                    class="tooltip-point"
                  />
                  CSS
                </div>
              </div>
            </span>
          </div>
        </div>
        <div
          class="skill-item"
        >
          <div
            class="skill-description-container"
          >
            <span
              class="skill-title"
            >
              Postgres/SQL
            </span>
            <span
              class="skill-badge-container"
            >
              <div
                class="tooltip-container dev-icon-container"
              >
                <div>
                  <img
                    alt="Dev icon"
                    class="dev-icon"
                    height="15px"
                    src="test-file-stub"
                  />
                </div>
                <div
                  class="tooltip-label"
                >
                  <div
                    class="tooltip-point"
                  />
                  PostgreSQL
                </div>
              </div>
              <div
                class="tooltip-container dev-icon-container"
              >
                <div>
                  <img
                    alt="Dev icon"
                    class="dev-icon"
                    height="15px"
                    src="test-file-stub"
                  />
                </div>
                <div
                  class="tooltip-label"
                >
                  <div
                    class="tooltip-point"
                  />
                  SQLite
                </div>
              </div>
            </span>
          </div>
        </div>
      </div>
    </div>
    <div
      class="skill-category"
    >
      <div
        class="skill-category-title"
      >
        Cloud Platforms
      </div>
      <div
        class="category-skills-container"
      >
        <div
          class="skill-item"
        >
          <div
            class="skill-description-container"
          >
            <span
              class="skill-title"
            >
              Google Cloud
            </span>
            <span
              class="skill-badge-container"
            >
              <div
                class="tooltip-container dev-icon-container"
              >
                <div>
                  <img
                    alt="Dev icon"
                    class="dev-icon"
                    height="15px"
                    src="test-file-stub"
                  />
                </div>
                <div
                  class="tooltip-label"
                >
                  <div
                    class="tooltip-point"
                  />
                  Google Cloud
                </div>
              </div>
            </span>
          </div>
        </div>
        <div
          class="skill-item"
        >
          <div
            class="skill-description-container"
          >
            <span
              class="skill-title"
            >
              AWS
            </span>
            <span
              class="skill-badge-container"
            >
              <div
                class="tooltip-container dev-icon-container"
              >
                <div>
                  <img
                    alt="Dev icon"
                    class="dev-icon"
                    height="15px"
                    src="test-file-stub"
                  />
                </div>
                <div
                  class="tooltip-label"
                >
                  <div
                    class="tooltip-point"
                  />
                  AWS
                </div>
              </div>
            </span>
          </div>
        </div>
        <div
          class="skill-item"
        >
          <div
            class="skill-description-container"
          >
            <span
              class="skill-title"
            >
              Terraform
            </span>
            <span
              class="skill-badge-container"
            >
              <div
                class="tooltip-container dev-icon-container"
              >
                <div>
                  <img
                    alt="Dev icon"
                    class="dev-icon"
                    height="15px"
                    src="test-file-stub"
                  />
                </div>
                <div
                  class="tooltip-label"
                >
                  <div
                    class="tooltip-point"
                  />
                  Terraform
                </div>
              </div>
            </span>
          </div>
        </div>
      </div>
    </div>
    <div
      class="skill-category"
    >
      <div
        class="skill-category-title"
      >
        Distributed Systems
      </div>
      <div
        class="category-skills-container"
      >
        <div
          class="skill-item"
        >
          <div
            class="skill-description-container"
          >
            <span
              class="skill-title"
            >
              Docker
            </span>
            <span
              class="skill-badge-container"
            >
              <div
                class="tooltip-container dev-icon-container"
              >
                <div>
                  <img
                    alt="Dev icon"
                    class="dev-icon"
                    height="15px"
                    src="test-file-stub"
                  />
                </div>
                <div
                  class="tooltip-label"
                >
                  <div
                    class="tooltip-point"
                  />
                  Docker
                </div>
              </div>
            </span>
          </div>
        </div>
        <div
          class="skill-item"
        >
          <div
            class="skill-description-container"
          >
            <span
              class="skill-title"
            >
              Kubernetes
            </span>
            <span
              class="skill-badge-container"
            >
              <div
                class="tooltip-container dev-icon-container"
              >
                <div>
                  <img
                    alt="Dev icon"
                    class="dev-icon"
                    height="15px"
                    src="test-file-stub"
                  />
                </div>
                <div
                  class="tooltip-label"
                >
                  <div
                    class="tooltip-point"
                  />
                  Kubernetes
                </div>
              </div>
            </span>
          </div>
        </div>
        <div
          class="skill-item"
        >
          <div
            class="skill-description-container"
          >
            <span
              class="skill-title"
            >
              Rancher
            </span>
            <span
              class="skill-badge-container"
            >
              <div
                class="tooltip-container dev-icon-container"
              >
                <div>
                  <img
                    alt="Dev icon"
                    class="dev-icon"
                    height="15px"
                    src="test-file-stub"
                  />
                </div>
                <div
                  class="tooltip-label"
                >
                  <div
                    class="tooltip-point"
                  />
                  Rancher
                </div>
              </div>
            </span>
          </div>
        </div>
      </div>
    </div>
    <div
      class="skill-category"
    >
      <div
        class="skill-category-title"
      >
        High-Performance Computing
      </div>
      <div
        class="category-skills-container"
      >
        <div
          class="skill-item"
        >
          <div
            class="skill-description-container"
          >
            <span
              class="skill-title"
            >
              OpenMPI
            </span>
            <span
              class="skill-badge-container"
            >
              <div
                class="tooltip-container dev-icon-container"
              >
                <div>
                  <img
                    alt="Dev icon"
                    class="dev-icon"
                    height="15px"
                    src="test-file-stub"
                  />
                </div>
                <div
                  class="tooltip-label"
                >
                  <div
                    class="tooltip-point"
                  />
                  OpenMPI
                </div>
              </div>
            </span>
          </div>
        </div>
        <div
          class="skill-item"
        >
          <div
            class="skill-description-container"
          >
            <span
              class="skill-title"
            >
              LAMMPS
            </span>
            <span
              class="skill-badge-container"
            />
          </div>
        </div>
      </div>
    </div>
  </div>
</div>
`;
